[WebServer] (node:16988) Warning: The 'NO_COLOR' env is ignored due to the 'FORCE_COLOR' env being set.
[WebServer] (Use `node --trace-warnings ...` to show where the warning was created)

Running 42 tests using 1 worker

(node:16552) Warning: The 'NO_COLOR' env is ignored due to the 'FORCE_COLOR' env being set.
(Use `node --trace-warnings ...` to show where the warning was created)
  ok  1 [release] › e2e\grouped-baseline.spec.ts:18:1 › H12 grouped real route: cutover, Exercise/setup/list/edit/back, Menu, Run/history/standard/complete/cancel/reload (8.2s)
  ok  2 [release] › e2e\grouped-baseline.spec.ts:129:1 › H12 canonical backup preview, invalid non-destructive restore, full replacement/read-back/reload (5.6s)
  ok  3 [release] › e2e\grouped-baseline.spec.ts:180:1 › H12 restore read-back failure blocks stale editing and never declares success or falls back (2.5s)
  ok  4 [release] › e2e\grouped-baseline.spec.ts:208:1 › H12 Settings retains Trainer interfaces and hides MAN helpers in release (1.6s)
  ok  5 [release] › e2e\grouped-baseline.spec.ts:222:1 › H13 Top displays 260 average and 2.50 ACWR from canonical snapshots, not current Master (2.1s)
  ok  6 [release] › e2e\grouped-baseline.spec.ts:244:1 › H12 Run history is item-scoped and completed status resets at the configured week boundary (2.5s)
  ok  7 [release] › e2e\v1r-acceptance.spec.ts:41:3 › H-03 focused 1 same-day multiple Sessions retain marker until last cancellation (5.7s)
  ok  8 [release] › e2e\v1r-acceptance.spec.ts:41:3 › H-03 focused 2 single Session cancellation clears its date marker (3.9s)
  ok  9 [release] › e2e\v1r-acceptance.spec.ts:41:3 › H-03 focused 3 past-first consecutive cancellations change only the target date (6.5s)
  ok 10 [release] › e2e\v1r-acceptance.spec.ts:74:1 › H-03 focused 4/5 + H06 A5: UI Extra completion has own actual and visible completed Exercise (2.9s)
  ok 11 [release] › e2e\v1r-acceptance.spec.ts:134:1 › OIC-003/006/007 + H06 A5: Session-only seat, controls, persist failure/retry/reload preserve identity (2.2s)
  ok 12 [release] › e2e\v1r-acceptance.spec.ts:170:1 › OIC-006: same Clock completions allocate distinct order and shuffled offset-equivalent actuals select correctly (1.5s)
  ok 13 [release] › e2e\v1r-acceptance.spec.ts:186:1 › OIC-008/009/010/012: temporary weekday filter, distinct today including Extra, actual-date visibility, two-line execution lists (2.4s)
  ok 14 [release] › e2e\v1r-acceptance.spec.ts:216:1 › OIC-002: Menu add/remove confirmations and unsaved back have zero canonical writes (3.1s)
  ok 15 [release] › e2e\v1r-acceptance.spec.ts:237:1 › OIC-013: item-scoped history deletion cancel, exact selected delete and reload never reconstruct initial/current/Session (2.2s)
  ok 16 [release] › e2e\v1r-acceptance.spec.ts:258:1 › QA-C01 D-01/02: exact upstream name Owner確認候補, preview/cancel/failure/idempotence/read-back/export (2.8s)
  ok 17 [release] › e2e\v1r-acceptance.spec.ts:258:1 › QA-C01 D-01/02: exact upstream name Owner確認候補 (ByAI), preview/cancel/failure/idempotence/read-back/export (2.5s)
  ok 18 [release] › e2e\v1r-acceptance.spec.ts:294:3 › QA-C02 cancellation completion/non-target/reload with none failure (2.6s)
  ok 19 [release] › e2e\v1r-acceptance.spec.ts:294:3 › QA-C02 cancellation completion/non-target/reload with write failure (2.1s)
  ok 20 [release] › e2e\v1r-acceptance.spec.ts:294:3 › QA-C02 cancellation completion/non-target/reload with read-back failure (1.9s)
  ok 21 [release] › e2e\v1r-acceptance.spec.ts:359:1 › D-03/OIC-016: baseline settings/list/edit/custom required label and hide/show preserve IDs (3.0s)
  ok 22 [release] › e2e\v1r-acceptance.spec.ts:386:1 › OIC-011 / PRESERVE: full screen population back/menu, Profile and Analysis original controls including half-year (7.7s)
  ok 23 [release] › e2e\v1r-acceptance.spec.ts:406:3 › Clock local midnight/week/month/year boundary 2026-10-04T23:59:59+09:00 (1.2s)
  ok 24 [release] › e2e\v1r-acceptance.spec.ts:406:3 › Clock local midnight/week/month/year boundary 2026-10-05T00:00:00+09:00 (1.1s)
  ok 25 [release] › e2e\v1r-acceptance.spec.ts:406:3 › Clock local midnight/week/month/year boundary 2026-12-31T23:59:59+09:00 (1.4s)
  ok 26 [release] › e2e\v1r-acceptance.spec.ts:406:3 › Clock local midnight/week/month/year boundary 2027-01-01T00:00:00+09:00 (1.2s)
  ok 27 [release] › e2e\v1r-acceptance.spec.ts:406:3 › Clock local midnight/week/month/year boundary 2026-10-31T23:59:59+09:00 (1.0s)
  ok 28 [release] › e2e\v1r-acceptance.spec.ts:406:3 › Clock local midnight/week/month/year boundary 2026-11-01T00:00:00+09:00 (1.3s)
  ok 29 [release] › e2e\v1r-acceptance.spec.ts:417:1 › OIC-015: all seven week starts warn/cancel, persist exact setting without rewriting historical facts (1.9s)
  ok 30 [release] › e2e\v1r-acceptance.spec.ts:429:1 › canonical write read-back failure prevents stale editing; reload preserves original logical Session pair (1.2s)
  ok 31 [release] › e2e\v1r-acceptance.spec.ts:439:1 › H-09 startup/Restore reject unsupported old canonical without repair, Session drop or legacy fallback (1.5s)
  ok 32 [release] › e2e\v1r-acceptance.spec.ts:457:1 › PRESERVE Profile all fields and standard-setting failure/retry create exactly one event (2.2s)
  ok 33 [release] › e2e\v1r-acceptance.spec.ts:473:1 › D-01 Warning requires acknowledgment and rollback uncertainty blocks edits until reload (1.7s)
  ok 34 [release] › e2e\v1r-acceptance.spec.ts:499:1 › OIC-015 Analysis weekly rebuckets and month/quarter/half/year remain unchanged after week-setting change (4.1s)
  ok 35 [release] › e2e\v1r-acceptance.spec.ts:511:1 › PRESERVE time Exercise → Item setup → Run slots → Extra completion and load snapshot (2.4s)
  ok 36 [release] › e2e\v1r-acceptance.spec.ts:525:1 › PRESERVE list filter/hidden state, Item hide/show, Menu active guard/confirmation and unsaved cancel (2.3s)
  ok 37 [release] › e2e\v1r-final-correction.spec.ts:44:3 › H06 A1/A4/A5 normal A/B + UI Extra C cancellation identity: same-item-two-entries (3.8s)
  ok 38 [release] › e2e\v1r-final-correction.spec.ts:44:3 › H06 A1/A4/A5 normal A/B + UI Extra C cancellation identity: same-item-same-entry (3.7s)
  ok 39 [release] › e2e\v1r-final-correction.spec.ts:44:3 › H06 A1/A4/A5 normal A/B + UI Extra C cancellation identity: two-items-same-exercise (3.9s)
  ok 40 [release] › e2e\v1r-final-correction.spec.ts:118:3 › H06 A2/A3 fixed weekday order and completed future-day discovery (weekStartsOn=0) (1.7s)
  ok 41 [release] › e2e\v1r-final-correction.spec.ts:118:3 › H06 A2/A3 fixed weekday order and completed future-day discovery (weekStartsOn=6) (1.8s)
  ok 42 [release] › e2e\v1r-final-correction.spec.ts:150:1 › H06 A6/A7/A8 zero defaults, canonical save blocking and form-local error lifecycle (2.3s)

  42 passed (2.1m)
